// Jest Snapshot v1, https://goo.gl/fbAQLP

exports[`Counter dummy test 1`] = `
<div>
  Counter
</div>
`;
